
[1m[30m[46m RUN [49m[39m[22m [36mv4.1.8 [39m[90mC:/Users/user/Desktop/icalc26[39m

[90mstdout[2m | utils/calculator.test.ts
[22m[39m
Basic Operations
Γ£ô Addition: 2 + 3 = 5
Γ£ô Addition with spaces: 10 + 5 = 15
Γ£ô Subtraction: 5 - 2 = 3
Γ£ô Subtraction: 10 - 3 = 7
Γ£ô Multiplication: 2 * 3 = 6
Γ£ô Multiplication: 10 * 5 = 50
Γ£ô Division: 6 / 2 = 3
Γ£ô Division: 10 / 4 = 2.5
Γ£ô Modulo: 10 % 3 = 1
Γ£ô Modulo: 7 % 3 = 1

Operator Precedence
Γ£ô 2 + 3 * 4 = 14 (not 20)
Γ£ô 1 + 2 * 3 + 4 = 11
Γ£ô 10 - 6 / 2 = 7 (not 2)
Γ£ô 20 - 8 / 4 = 18
Γ£ô 10 - 5 - 2 = 3 (left associative)
Γ£ô 20 / 4 / 2 = 2.5 (left associative)
Γ£ô 2 + 3 * 4 - 5 = 9
Γ£ô 100 / 10 + 5 * 2 = 20

Parentheses
Γ£ô (2 + 3) * 4 = 20 (not 14)
Γ£ô 2 * (3 + 4) = 14
Γ£ô ((2 + 3) * 4) = 20
Γ£ô (2 * (3 + 4)) + 1 = 15
Γ£ô (10 - 5) * (2 + 3) = 25
Γ£ô (2 + 3) * (4 + 5) / (1 + 1) = 22.5

Decimals
Γ£ô 2.5 + 1.5 = 4
Γ£ô 10.5 - 0.5 = 10
Γ£ô 1 / 3 Γëê 0.333
Γ£ô 10 / 3 Γëê 3.333
Γ£ô 1.5 + 2.5 * 3.0 = 9

iOS Symbol Support (├ù and ├╖)
Γ£ô 2 ├ù 3 = 6
Γ£ô 2 ├ù 3 + 4 = 10
Γ£ô 6 ├╖ 2 = 3
Γ£ô 10 ├╖ 2 + 5 = 10
Γ£ô (2 + 3) ├ù 4 = 20
Γ£ô 20 ├╖ (2 + 2) = 5

Error Handling
Γ£ô Division by zero throws error
Γ£ô 5 / (2 - 2) throws error (division by zero)
Γ£ô Modulo by zero throws error
Γ£ô Empty expression throws error
Γ£ô Whitespace-only expression throws error
Γ£ô Expression starting with + throws error
Γ£ô Expression ending with operator throws error
Γ£ô Double operator throws error
Γ£ô Mismatched closing parenthesis throws error
Γ£ô Extra closing parenthesis throws error
Γ£ô Double closing parenthesis throws error
Γ£ô Double decimal throws error
Γ£ô Special character throws error

Edge Cases
Γ£ô 0 + 5 = 5
Γ£ô 0 - 5 = -5
Γ£ô 0 * 100 = 0
Γ£ô 0 / 5 = 0
Γ£ô Negative number: -5 + 3 = -2
Γ£ô Parenthesized negative: (-5) + 3 = -2
Γ£ô Negative multiplication: 5 * -2 = -10
Γ£ô Expression with spaces: 2 + 3 = 5
Γ£ô Expression with leading/trailing spaces: "  2+3  " = 5
Γ£ô Expression with multiple spaces: 2  +  3 = 5
Γ£ô Very large number: 999999999 + 1 = 1000000000
Γ£ô Very small decimal: 0.001 + 0.002 Γëê 0.003

safeEvaluate - Safe Evaluation
Γ£ô safeEvaluate("2+3") = "5.00"
Γ£ô safeEvaluate("10/3") = "3.33"
Γ£ô safeEvaluate("10/0") returns "0.00" safely
Γ£ô safeEvaluate("invalid") returns "0.00" safely
Γ£ô safeEvaluate("1/3", 4) = "0.3333"
Γ£ô safeEvaluate("10/3", 1) = "3.3"
Γ£ô safeEvaluate("") = "0.00"
Γ£ô safeEvaluate("0") = "0.00"

isValidPartialExpression - Validation
Γ£ô isValidPartialExpression("5") = true
Γ£ô isValidPartialExpression("2+3") = true
Γ£ô isValidPartialExpression("2+3*4") = true
Γ£ô isValidPartialExpression("2+") = false
Γ£ô isValidPartialExpression("5*") = false
Γ£ô isValidPartialExpression("") = true
Γ£ô isValidPartialExpression("0") = true

Real-world Scenarios
Γ£ô Shopping bill: 10.50 + 5.25 + 3.99 Γëê 19.74
Γ£ô Tip calculation: 100 * 0.20 = 20
Γ£ô Compound: (50 + 30) * 2 / 4 = 40
Γ£ô Discount: 100 - (100 * 0.15) = 85
Γ£ô Complex: (5 + 3) * (4 - 1) / 2 = 12

==================================================
Tests Passed: 80
Tests Failed: 2

Failures:
  - Expected function to throw an error
  - Expected CalculationError, got Error
==================================================

Γ£ô Valid partial: "2+3"
Γ£ô Invalid partial: "2+" (ends with operator)

Γ£à Calculator tests complete

node.exe : [90mstderr[2m | utils/calculator.test.ts
At line:1 char:1
+ & "C:\Program Files\nodejs/node.exe" "C:\Program Files\nodejs/node_mo ...
+ ~~~~~~~~~~~~~~~~~~~~~~~~~~~~~~~~~~~~~~~~~~~~~~~~~~~~~~~~~~~~~~~~~~~~~
    + CategoryInfo          : NotSpecified: ([90mstderr[2m...culator.test. 
   ts:String) [], RemoteException
    + FullyQualifiedErrorId : NativeCommandError
 
[22m[39mΓ£ù Invalid character throws error: Expected CalculationError, got 
Error

 [31mΓ¥»[39m utils/calculator.test.ts [2m([22m[2m0 test[22m[2m)[22m

[31mΓÄ»ΓÄ»ΓÄ»ΓÄ»ΓÄ»ΓÄ»[39m[1m[41m Failed Suites 1 
[49m[22m[31mΓÄ»ΓÄ»ΓÄ»ΓÄ»ΓÄ»ΓÄ»ΓÄ»[39m

[41m[1m FAIL [22m[49m utils/calculator.test.ts[2m [ 
utils/calculator.test.ts ][22m
[31m[1mError[22m: No test suite found in file 
C:/Users/user/Desktop/icalc26/utils/calculator.test.ts[39m
[31m[2mΓÄ»ΓÄ»ΓÄ»ΓÄ»ΓÄ»ΓÄ»ΓÄ»ΓÄ»ΓÄ»ΓÄ»ΓÄ»ΓÄ»ΓÄ»ΓÄ»ΓÄ»ΓÄ»ΓÄ»ΓÄ»ΓÄ»ΓÄ»ΓÄ»ΓÄ»ΓÄ
»ΓÄ»[1/1]ΓÄ»[22m[39m


[2m Test Files [22m [1m[31m1 failed[39m[22m[90m (1)[39m
[2m      Tests [22m [2mno tests[22m
[2m   Start at [22m 04:52:00
[2m   Duration [22m 17.96s[2m (transform 1.38s, setup 0ms, import 2.50s, tests 0ms, environment 13.16s)[22m

